// Jest Snapshot v1, https://goo.gl/fbAQLP

exports[`gux-input-time should render 1`] = `
<gux-input-time>
  <input slot="input" type="time">
  <div aria-disabled="false" class="gux-input-time">
    <div class="gux-input-time-field">
      <div class="gux-input-time-field-input">
        <div class="gux-input-time-field-text-input">
          <input aria-label="Input hours" class="gux-input-time-hours" max="12" min="1" type="number" value="12">
          <span class="gux-time-separator">
            :
          </span>
          <input aria-label="Input minutes" class="gux-input-time-minutes" max="59" min="00" type="number" value="00">
          <button aria-label="AM selected, click to toggle" class="gux-input-time-am-pm-selector" type="button">
            AM
          </button>
          <button aria-label="Toggle suggested times" class="gux-clock-button" type="button">
            <gux-icon decorative="" icon-name="clock-outline"></gux-icon>
          </button>
        </div>
      </div>
    </div>
    <div aria-label="time options opened" class="gux-time-options">
      <div class="gux-time-options-list">
        <gux-option class="gux-time-option" value="12:00">
          12:00
        </gux-option>
        <gux-option class="gux-time-option" value="12:15">
          12:15
        </gux-option>
        <gux-option class="gux-time-option" value="12:30">
          12:30
        </gux-option>
        <gux-option class="gux-time-option" value="12:45">
          12:45
        </gux-option>
        <gux-option class="gux-time-option" value="1:00">
          1:00
        </gux-option>
        <gux-option class="gux-time-option" value="1:15">
          1:15
        </gux-option>
        <gux-option class="gux-time-option" value="1:30">
          1:30
        </gux-option>
        <gux-option class="gux-time-option" value="1:45">
          1:45
        </gux-option>
        <gux-option class="gux-time-option" value="2:00">
          2:00
        </gux-option>
        <gux-option class="gux-time-option" value="2:15">
          2:15
        </gux-option>
        <gux-option class="gux-time-option" value="2:30">
          2:30
        </gux-option>
        <gux-option class="gux-time-option" value="2:45">
          2:45
        </gux-option>
        <gux-option class="gux-time-option" value="3:00">
          3:00
        </gux-option>
        <gux-option class="gux-time-option" value="3:15">
          3:15
        </gux-option>
        <gux-option class="gux-time-option" value="3:30">
          3:30
        </gux-option>
        <gux-option class="gux-time-option" value="3:45">
          3:45
        </gux-option>
        <gux-option class="gux-time-option" value="4:00">
          4:00
        </gux-option>
        <gux-option class="gux-time-option" value="4:15">
          4:15
        </gux-option>
        <gux-option class="gux-time-option" value="4:30">
          4:30
        </gux-option>
        <gux-option class="gux-time-option" value="4:45">
          4:45
        </gux-option>
        <gux-option class="gux-time-option" value="5:00">
          5:00
        </gux-option>
        <gux-option class="gux-time-option" value="5:15">
          5:15
        </gux-option>
        <gux-option class="gux-time-option" value="5:30">
          5:30
        </gux-option>
        <gux-option class="gux-time-option" value="5:45">
          5:45
        </gux-option>
        <gux-option class="gux-time-option" value="6:00">
          6:00
        </gux-option>
        <gux-option class="gux-time-option" value="6:15">
          6:15
        </gux-option>
        <gux-option class="gux-time-option" value="6:30">
          6:30
        </gux-option>
        <gux-option class="gux-time-option" value="6:45">
          6:45
        </gux-option>
        <gux-option class="gux-time-option" value="7:00">
          7:00
        </gux-option>
        <gux-option class="gux-time-option" value="7:15">
          7:15
        </gux-option>
        <gux-option class="gux-time-option" value="7:30">
          7:30
        </gux-option>
        <gux-option class="gux-time-option" value="7:45">
          7:45
        </gux-option>
        <gux-option class="gux-time-option" value="8:00">
          8:00
        </gux-option>
        <gux-option class="gux-time-option" value="8:15">
          8:15
        </gux-option>
        <gux-option class="gux-time-option" value="8:30">
          8:30
        </gux-option>
        <gux-option class="gux-time-option" value="8:45">
          8:45
        </gux-option>
        <gux-option class="gux-time-option" value="9:00">
          9:00
        </gux-option>
        <gux-option class="gux-time-option" value="9:15">
          9:15
        </gux-option>
        <gux-option class="gux-time-option" value="9:30">
          9:30
        </gux-option>
        <gux-option class="gux-time-option" value="9:45">
          9:45
        </gux-option>
        <gux-option class="gux-time-option" value="10:00">
          10:00
        </gux-option>
        <gux-option class="gux-time-option" value="10:15">
          10:15
        </gux-option>
        <gux-option class="gux-time-option" value="10:30">
          10:30
        </gux-option>
        <gux-option class="gux-time-option" value="10:45">
          10:45
        </gux-option>
        <gux-option class="gux-time-option" value="11:00">
          11:00
        </gux-option>
        <gux-option class="gux-time-option" value="11:15">
          11:15
        </gux-option>
        <gux-option class="gux-time-option" value="11:30">
          11:30
        </gux-option>
        <gux-option class="gux-time-option" value="11:45">
          11:45
        </gux-option>
      </div>
    </div>
  </div>
</gux-input-time>
`;
