// Jest Snapshot v1, https://goo.gl/fbAQLP

exports[`gux-list-legacy renders 1`] = `"<gux-list-legacy hydrated=\\"\\"> <gux-list-item-legacy value=\\"test1\\" text=\\"first\\" role=\\"listitem\\" hydrated=\\"\\"></gux-list-item-legacy> <gux-list-divider-legacy hydrated=\\"\\"></gux-list-divider-legacy> <gux-list-item-legacy value=\\"test2\\" text=\\"second\\" disabled=\\"\\" role=\\"listitem\\" hydrated=\\"\\"></gux-list-item-legacy> <gux-list-item-legacy value=\\"test3\\" text=\\"third\\" role=\\"listitem\\" hydrated=\\"\\"></gux-list-item-legacy> </gux-list-legacy>"`;
