// Jest Snapshot v1, https://goo.gl/fbAQLP

exports[`gux-radial-progress should display component as expected (1) 1`] = `"<gux-radial-progress lang=\\"en\\" screenreader-text=\\"Uploading file\\" hydrated=\\"\\"></gux-radial-progress>"`;

exports[`gux-radial-progress should display component as expected (2) 1`] = `"<gux-radial-progress value=\\"123\\" screenreader-text=\\"Uploading file\\" hydrated=\\"\\"></gux-radial-progress>"`;

exports[`gux-radial-progress should display component as expected (3) 1`] = `"<gux-radial-progress value=\\"200\\" screenreader-text=\\"Uploading file\\" hydrated=\\"\\"></gux-radial-progress>"`;

exports[`gux-radial-progress should display component as expected (4) 1`] = `"<gux-radial-progress value=\\"test\\" max=\\"100\\" screenreader-text=\\"Uploading file\\" hydrated=\\"\\"></gux-radial-progress>"`;

exports[`gux-radial-progress should display component as expected (5) 1`] = `"<gux-radial-progress value=\\"-123\\" max=\\"100\\" screenreader-text=\\"Uploading file\\" hydrated=\\"\\"></gux-radial-progress>"`;

exports[`gux-radial-progress should display component as expected (6) 1`] = `"<gux-radial-progress value=\\"200\\" max=\\"100\\" screenreader-text=\\"Uploading file\\" hydrated=\\"\\"></gux-radial-progress>"`;

exports[`gux-radial-progress should display component as expected (7) 1`] = `"<gux-radial-progress value=\\"10\\" max=\\"test\\" screenreader-text=\\"Uploading file\\" hydrated=\\"\\"></gux-radial-progress>"`;

exports[`gux-radial-progress should display component as expected (8) 1`] = `"<gux-radial-progress value=\\"0\\" screenreader-text=\\"Uploading file\\" hydrated=\\"\\"></gux-radial-progress>"`;

exports[`gux-radial-progress should display component as expected (9) 1`] = `"<gux-radial-progress value=\\"10\\" screenreader-text=\\"Uploading file\\" hydrated=\\"\\"></gux-radial-progress>"`;

exports[`gux-radial-progress should display component as expected (10) 1`] = `"<gux-radial-progress value=\\"100\\" screenreader-text=\\"Uploading file\\" hydrated=\\"\\"></gux-radial-progress>"`;

exports[`gux-radial-progress should display component as expected (11) 1`] = `"<gux-radial-progress value=\\"10\\" max=\\"100\\" screenreader-text=\\"Uploading file\\" hydrated=\\"\\"></gux-radial-progress>"`;

exports[`gux-radial-progress should display component as expected (12) 1`] = `"<gux-radial-progress value=\\"10\\" max=\\"10\\" screenreader-text=\\"Uploading file\\" hydrated=\\"\\"></gux-radial-progress>"`;
