// Jest Snapshot v1, https://goo.gl/fbAQLP

exports[`gux-flyout-menu #render should render as expected 1`] = `"<gux-flyout-menu-beta tabindex=\\"0\\" aria-haspopup=\\"true\\" aria-expanded=\\"false\\" hydrated=\\"\\"><!----> <span><span slot=\\"target\\">Example Target Element</span></span><div class=\\"gux-flyout-menu-wrapper\\" data-popper-placement=\\"bottom-start\\" style=\\"position: absolute; inset: 0px auto auto 0px; margin: 0px; transform: translate(8px, 41px);\\"><div class=\\"gux-flyout-menu-content\\"><gux-menu slot=\\"menu\\" role=\\"menu\\" hydrated=\\"\\"><!----> <gux-menu-option hydrated=\\"\\"><!----><button type=\\"button\\" class=\\"gux-menu-option-button\\" role=\\"menuitem\\" aria-haspopup=\\"false\\" tabindex=\\"-1\\"><span class=\\"gux-menu-option-button-text\\">Option One</span></button></gux-menu-option> <gux-submenu label=\\"Submenu Two\\" hydrated=\\"\\"><!----><button type=\\"button\\" class=\\"gux-submenu-button\\" role=\\"menuitem\\" tabindex=\\"-1\\" aria-haspopup=\\"true\\" aria-expanded=\\"false\\"><span class=\\"gux-submenu-button-text\\">Submenu Two</span><gux-icon class=\\"gux-submenu-open-icon\\" icon-name=\\"chevron-small-right\\" hydrated=\\"\\"></gux-icon></button><div class=\\"gux-submenu-wrapper\\" data-popper-reference-hidden data-popper-escaped data-popper-placement=\\"right-start\\" style=\\"position: absolute; inset: 0px auto auto 0px; margin: 0px; transform: translate(0px, 0px);\\"><div role=\\"menu\\" class=\\"gux-submenu-content\\"> <gux-menu-option hydrated=\\"\\"><!----><button type=\\"button\\" class=\\"gux-menu-option-button\\" role=\\"menuitem\\" aria-haspopup=\\"false\\" tabindex=\\"-1\\"><span class=\\"gux-menu-option-button-text\\">Option One</span></button></gux-menu-option> <gux-submenu label=\\"Submenu Two\\" hydrated=\\"\\"><!----><button type=\\"button\\" class=\\"gux-submenu-button\\" role=\\"menuitem\\" tabindex=\\"-1\\" aria-haspopup=\\"true\\" aria-expanded=\\"false\\"><span class=\\"gux-submenu-button-text\\">Submenu Two</span><gux-icon class=\\"gux-submenu-open-icon\\" icon-name=\\"chevron-small-right\\" hydrated=\\"\\"></gux-icon></button><div class=\\"gux-submenu-wrapper\\" data-popper-reference-hidden data-popper-escaped data-popper-placement=\\"right-start\\" style=\\"position: absolute; inset: 0px auto auto 0px; margin: 0px; transform: translate(0px, 0px);\\"><div role=\\"menu\\" class=\\"gux-submenu-content\\"> <gux-menu-option hydrated=\\"\\"><!----><button type=\\"button\\" class=\\"gux-menu-option-button\\" role=\\"menuitem\\" aria-haspopup=\\"false\\" tabindex=\\"-1\\"><span class=\\"gux-menu-option-button-text\\">Option One</span></button></gux-menu-option> <gux-menu-option hydrated=\\"\\"><!----><button type=\\"button\\" class=\\"gux-menu-option-button\\" role=\\"menuitem\\" aria-haspopup=\\"false\\" tabindex=\\"-1\\"><span class=\\"gux-menu-option-button-text\\">Option Two</span></button></gux-menu-option> <gux-menu-option hydrated=\\"\\"><!----><button type=\\"button\\" class=\\"gux-menu-option-button\\" role=\\"menuitem\\" aria-haspopup=\\"false\\" tabindex=\\"-1\\"><span class=\\"gux-menu-option-button-text\\">Option Three</span></button></gux-menu-option> </div></div></gux-submenu> <gux-menu-option hydrated=\\"\\"><!----><button type=\\"button\\" class=\\"gux-menu-option-button\\" role=\\"menuitem\\" aria-haspopup=\\"false\\" tabindex=\\"-1\\"><span class=\\"gux-menu-option-button-text\\">Option Three</span></button></gux-menu-option> </div></div></gux-submenu> <gux-menu-option hydrated=\\"\\"><!----><button type=\\"button\\" class=\\"gux-menu-option-button\\" role=\\"menuitem\\" aria-haspopup=\\"false\\" tabindex=\\"-1\\"><span class=\\"gux-menu-option-button-text\\">Option Three</span></button></gux-menu-option> <gux-menu-option hydrated=\\"\\"><!----><button type=\\"button\\" class=\\"gux-menu-option-button\\" role=\\"menuitem\\" aria-haspopup=\\"false\\" tabindex=\\"-1\\"><span class=\\"gux-menu-option-button-text\\">Option Four</span></button></gux-menu-option> <gux-submenu label=\\"Submenu Five\\" hydrated=\\"\\"><!----><button type=\\"button\\" class=\\"gux-submenu-button\\" role=\\"menuitem\\" tabindex=\\"-1\\" aria-haspopup=\\"true\\" aria-expanded=\\"false\\"><span class=\\"gux-submenu-button-text\\">Submenu Five</span><gux-icon class=\\"gux-submenu-open-icon\\" icon-name=\\"chevron-small-right\\" hydrated=\\"\\"></gux-icon></button><div class=\\"gux-submenu-wrapper\\" data-popper-reference-hidden data-popper-escaped data-popper-placement=\\"right-start\\" style=\\"position: absolute; inset: 0px auto auto 0px; margin: 0px; transform: translate(0px, 0px);\\"><div role=\\"menu\\" class=\\"gux-submenu-content\\"> <gux-menu-option hydrated=\\"\\"><!----><button type=\\"button\\" class=\\"gux-menu-option-button\\" role=\\"menuitem\\" aria-haspopup=\\"false\\" tabindex=\\"-1\\"><span class=\\"gux-menu-option-button-text\\">Option One</span></button></gux-menu-option> <gux-menu-option hydrated=\\"\\"><!----><button type=\\"button\\" class=\\"gux-menu-option-button\\" role=\\"menuitem\\" aria-haspopup=\\"false\\" tabindex=\\"-1\\"><span class=\\"gux-menu-option-button-text\\">Option Two</span></button></gux-menu-option> <gux-submenu label=\\"Submenu Three\\" hydrated=\\"\\"><!----><button type=\\"button\\" class=\\"gux-submenu-button\\" role=\\"menuitem\\" tabindex=\\"-1\\" aria-haspopup=\\"true\\" aria-expanded=\\"false\\"><span class=\\"gux-submenu-button-text\\">Submenu Three</span><gux-icon class=\\"gux-submenu-open-icon\\" icon-name=\\"chevron-small-right\\" hydrated=\\"\\"></gux-icon></button><div class=\\"gux-submenu-wrapper\\" data-popper-reference-hidden data-popper-escaped data-popper-placement=\\"right-start\\" style=\\"position: absolute; inset: 0px auto auto 0px; margin: 0px; transform: translate(0px, 0px);\\"><div role=\\"menu\\" class=\\"gux-submenu-content\\"> <gux-menu-option hydrated=\\"\\"><!----><button type=\\"button\\" class=\\"gux-menu-option-button\\" role=\\"menuitem\\" aria-haspopup=\\"false\\" tabindex=\\"-1\\"><span class=\\"gux-menu-option-button-text\\">Option One</span></button></gux-menu-option> <gux-submenu label=\\"Submenu Two\\" hydrated=\\"\\"><!----><button type=\\"button\\" class=\\"gux-submenu-button\\" role=\\"menuitem\\" tabindex=\\"-1\\" aria-haspopup=\\"true\\" aria-expanded=\\"false\\"><span class=\\"gux-submenu-button-text\\">Submenu Two</span><gux-icon class=\\"gux-submenu-open-icon\\" icon-name=\\"chevron-small-right\\" hydrated=\\"\\"></gux-icon></button><div class=\\"gux-submenu-wrapper\\" data-popper-reference-hidden data-popper-escaped data-popper-placement=\\"right-start\\" style=\\"position: absolute; inset: 0px auto auto 0px; margin: 0px; transform: translate(0px, 0px);\\"><div role=\\"menu\\" class=\\"gux-submenu-content\\"> <gux-menu-option hydrated=\\"\\"><!----><button type=\\"button\\" class=\\"gux-menu-option-button\\" role=\\"menuitem\\" aria-haspopup=\\"false\\" tabindex=\\"-1\\"><span class=\\"gux-menu-option-button-text\\">Option One</span></button></gux-menu-option> <gux-submenu label=\\"Submenu Two\\" hydrated=\\"\\"><!----><button type=\\"button\\" class=\\"gux-submenu-button\\" role=\\"menuitem\\" tabindex=\\"-1\\" aria-haspopup=\\"true\\" aria-expanded=\\"false\\"><span class=\\"gux-submenu-button-text\\">Submenu Two</span><gux-icon class=\\"gux-submenu-open-icon\\" icon-name=\\"chevron-small-right\\" hydrated=\\"\\"></gux-icon></button><div class=\\"gux-submenu-wrapper\\" data-popper-reference-hidden data-popper-escaped data-popper-placement=\\"right-start\\" style=\\"position: absolute; inset: 0px auto auto 0px; margin: 0px; transform: translate(0px, 0px);\\"><div role=\\"menu\\" class=\\"gux-submenu-content\\"> <gux-menu-option hydrated=\\"\\"><!----><button type=\\"button\\" class=\\"gux-menu-option-button\\" role=\\"menuitem\\" aria-haspopup=\\"false\\" tabindex=\\"-1\\"><span class=\\"gux-menu-option-button-text\\">Option One</span></button></gux-menu-option> <gux-menu-option hydrated=\\"\\"><!----><button type=\\"button\\" class=\\"gux-menu-option-button\\" role=\\"menuitem\\" aria-haspopup=\\"false\\" tabindex=\\"-1\\"><span class=\\"gux-menu-option-button-text\\">Option Two</span></button></gux-menu-option> <gux-menu-option hydrated=\\"\\"><!----><button type=\\"button\\" class=\\"gux-menu-option-button\\" role=\\"menuitem\\" aria-haspopup=\\"false\\" tabindex=\\"-1\\"><span class=\\"gux-menu-option-button-text\\">Option Three</span></button></gux-menu-option> </div></div></gux-submenu> <gux-menu-option hydrated=\\"\\"><!----><button type=\\"button\\" class=\\"gux-menu-option-button\\" role=\\"menuitem\\" aria-haspopup=\\"false\\" tabindex=\\"-1\\"><span class=\\"gux-menu-option-button-text\\">Option Three</span></button></gux-menu-option> </div></div></gux-submenu> <gux-menu-option hydrated=\\"\\"><!----><button type=\\"button\\" class=\\"gux-menu-option-button\\" role=\\"menuitem\\" aria-haspopup=\\"false\\" tabindex=\\"-1\\"><span class=\\"gux-menu-option-button-text\\">Option Three</span></button></gux-menu-option> </div></div></gux-submenu> </div></div></gux-submenu> </gux-menu></div><div class=\\"gux-arrow\\" data-popper-arrow style=\\"position: absolute; left: 0px; transform: translate(16px, 0px);\\"></div></div></gux-flyout-menu-beta>"`;
