// Jest Snapshot v1, https://goo.gl/fbAQLP

exports[`gux-table-beta #render empty table 1`] = `"<gux-table-beta lang=\\"en\\" gs-table-id=\\"gux-table-i\\" hydrated=\\"\\"> <table slot=\\"data\\"> <thead> <tr> <th>First name</th> <th>Last name</th> <th data-cell-numeric>Age</th> <th data-cell-action>Action</th> </tr> </thead> </table> </gux-table-beta>"`;

exports[`gux-table-beta #render should render compact data table 1`] = `"<gux-table-beta compact=\\"\\" lang=\\"en\\" gs-table-id=\\"gux-table-i\\" gs-compact=\\"\\" hydrated=\\"\\"> <table slot=\\"data\\"> <thead> <tr> <th>First name</th> <th>Last name</th> <th data-cell-numeric>Age</th> <th data-cell-action>Action</th> </tr> </thead> <tbody> <tr> <td>John</td> <td>Doe</td> <td data-cell-numeric>25</td> <td data-cell-action>Delete</td> </tr> <tr> <td>Jane</td> <td>Doe</td> <td data-cell-numeric>23</td> <td data-cell-action>Delete</td> </tr> <tr> <td>Jane</td> <td>Doe</td> <td data-cell-numeric>21</td> <td data-cell-action>Delete</td> </tr> <tr> <td>Jane</td> <td>Doe</td> <td data-cell-numeric>23</td> <td data-cell-action>Delete</td> </tr> </tbody> </table> </gux-table-beta>"`;

exports[`gux-table-beta #render should render data table 1`] = `"<gux-table-beta lang=\\"en\\" gs-table-id=\\"gux-table-i\\" hydrated=\\"\\"> <table slot=\\"data\\"> <thead> <tr> <th>First name</th> <th>Last name</th> <th data-cell-numeric>Age</th> <th data-cell-action>Action</th> </tr> </thead> <tbody> <tr> <td>John</td> <td>Doe</td> <td data-cell-numeric>25</td> <td data-cell-action>Delete</td> </tr> <tr> <td>Jane</td> <td>Doe</td> <td data-cell-numeric>23</td> <td data-cell-action>Delete</td> </tr> <tr> <td>Jane</td> <td>Doe</td> <td data-cell-numeric>21</td> <td data-cell-action>Delete</td> </tr> <tr> <td>Jane</td> <td>Doe</td> <td data-cell-numeric>23</td> <td data-cell-action>Delete</td> </tr> </tbody> </table> </gux-table-beta>"`;

exports[`gux-table-beta #render should render empty table with rows selection 1`] = `"<gux-table-beta object-table=\\"\\" selectable-rows=\\"\\" lang=\\"en\\" gs-table-id=\\"gux-table-i\\" gs-obj-table=\\"\\" hydrated=\\"\\"> <table slot=\\"data\\"> <thead> <tr> <th>First name</th> <th>Last name</th> <th data-cell-numeric>Age</th> <th data-cell-action>Action</th> </tr> </thead> </table> </gux-table-beta>"`;

exports[`gux-table-beta #render should render object table 1`] = `"<gux-table-beta object-table=\\"\\" lang=\\"en\\" gs-table-id=\\"gux-table-i\\" gs-obj-table=\\"\\" hydrated=\\"\\"> <table slot=\\"data\\"> <thead> <tr> <th>First name</th> <th>Last name</th> <th data-cell-numeric>Age</th> <th data-cell-action>Action</th> </tr> </thead> <tbody> <tr> <td>John</td> <td>Doe</td> <td data-cell-numeric>25</td> <td data-cell-action>Delete</td> </tr> <tr> <td>Jane</td> <td>Doe</td> <td data-cell-numeric>23</td> <td data-cell-action>Delete</td> </tr> <tr> <td>Jane</td> <td>Doe</td> <td data-cell-numeric>21</td> <td data-cell-action>Delete</td> </tr> <tr> <td>Jane</td> <td>Doe</td> <td data-cell-numeric>23</td> <td data-cell-action>Delete</td> </tr> </tbody> </table> </gux-table-beta>"`;

exports[`gux-table-beta #render should render table with horizontal scroll 1`] = `"<gux-table-beta lang=\\"en\\" gs-table-id=\\"gux-table-i\\" hydrated=\\"\\" gs-h-scroll=\\"\\"> <table slot=\\"data\\"> <thead> <tr> <th>First name</th> <th>Last name</th> <th data-cell-numeric>Age</th> <th data-cell-action>Action</th> </tr> </thead> <tbody> <tr> <td>John</td> <td>Doe</td> <td data-cell-numeric>25</td> <td data-cell-action>Delete</td> </tr> <tr> <td>Jane</td> <td>Doe</td> <td data-cell-numeric>23</td> <td data-cell-action>Delete</td> </tr> <tr> <td>Jane</td> <td>Doe</td> <td data-cell-numeric>21</td> <td data-cell-action>Delete</td> </tr> <tr> <td>Jane</td> <td>Doe</td> <td data-cell-numeric>23</td> <td data-cell-action>Delete</td> </tr> </tbody> </table> </gux-table-beta>"`;

exports[`gux-table-beta #render should render table with rows selection 1`] = `"<gux-table-beta object-table=\\"\\" selectable-rows=\\"\\" lang=\\"en\\" gs-table-id=\\"gux-table-i\\" gs-obj-table=\\"\\" hydrated=\\"\\"> <table slot=\\"data\\"> <thead> <tr> <th>First name</th> <th>Last name</th> <th data-cell-numeric>Age</th> <th data-cell-action>Action</th> </tr> </thead> <tbody> <tr> <td>John</td> <td>Doe</td> <td data-cell-numeric>25</td> <td data-cell-action>Delete</td> </tr> <tr> <td>Jane</td> <td>Doe</td> <td data-cell-numeric>23</td> <td data-cell-action>Delete</td> </tr> <tr> <td>Jane</td> <td>Doe</td> <td data-cell-numeric>21</td> <td data-cell-action>Delete</td> </tr> <tr> <td>Jane</td> <td>Doe</td> <td data-cell-numeric>23</td> <td data-cell-action>Delete</td> </tr> </tbody> </table> </gux-table-beta>"`;

exports[`gux-table-beta #render should render table with vertical scroll 1`] = `"<gux-table-beta lang=\\"en\\" gs-table-id=\\"gux-table-i\\" hydrated=\\"\\" gs-v-scroll=\\"\\"> <table slot=\\"data\\"> <thead> <tr> <th>First name</th> <th>Last name</th> <th data-cell-numeric>Age</th> <th data-cell-action>Action</th> </tr> </thead> <tbody> <tr> <td>John</td> <td>Doe</td> <td data-cell-numeric>25</td> <td data-cell-action>Delete</td> </tr> <tr> <td>Jane</td> <td>Doe</td> <td data-cell-numeric>23</td> <td data-cell-action>Delete</td> </tr> <tr> <td>Jane</td> <td>Doe</td> <td data-cell-numeric>21</td> <td data-cell-action>Delete</td> </tr> <tr> <td>Jane</td> <td>Doe</td> <td data-cell-numeric>23</td> <td data-cell-action>Delete</td> </tr> </tbody> </table> </gux-table-beta>"`;
