// Jest Snapshot v1, https://goo.gl/fbAQLP

exports[`gux-popup should display component as expected (1) 1`] = `"<gux-popup hydrated=\\"\\"> <gux-button slot=\\"target\\" hydrated=\\"\\">Target</gux-button> <gux-list slot=\\"popup\\" hydrated=\\"\\"> <gux-list-item role=\\"listitem\\" hydrated=\\"\\">Item 1</gux-list-item> <gux-list-item role=\\"listitem\\" hydrated=\\"\\">Item 2</gux-list-item> <gux-list-item role=\\"listitem\\" hydrated=\\"\\">Item 3</gux-list-item> </gux-list> </gux-popup>"`;

exports[`gux-popup should display component as expected (2) 1`] = `"<gux-popup expanded=\\"\\" hydrated=\\"\\"> <gux-button slot=\\"target\\" hydrated=\\"\\">Target</gux-button> <gux-list slot=\\"popup\\" hydrated=\\"\\"> <gux-list-item role=\\"listitem\\" hydrated=\\"\\">Item 1</gux-list-item> <gux-list-item role=\\"listitem\\" hydrated=\\"\\">Item 2</gux-list-item> <gux-list-item role=\\"listitem\\" hydrated=\\"\\">Item 3</gux-list-item> </gux-list> </gux-popup>"`;

exports[`gux-popup should display component as expected (3) 1`] = `"<gux-popup disabled=\\"\\" hydrated=\\"\\"> <gux-button slot=\\"target\\" hydrated=\\"\\">Target</gux-button> <gux-list slot=\\"popup\\" hydrated=\\"\\"> <gux-list-item role=\\"listitem\\" hydrated=\\"\\">Item 1</gux-list-item> <gux-list-item role=\\"listitem\\" hydrated=\\"\\">Item 2</gux-list-item> <gux-list-item role=\\"listitem\\" hydrated=\\"\\">Item 3</gux-list-item> </gux-list> </gux-popup>"`;

exports[`gux-popup should display component as expected (4) 1`] = `"<gux-popup expanded=\\"\\" disabled=\\"\\" hydrated=\\"\\"> <gux-button slot=\\"target\\" hydrated=\\"\\">Target</gux-button> <gux-list slot=\\"popup\\" hydrated=\\"\\"> <gux-list-item role=\\"listitem\\" hydrated=\\"\\">Item 1</gux-list-item> <gux-list-item role=\\"listitem\\" hydrated=\\"\\">Item 2</gux-list-item> <gux-list-item role=\\"listitem\\" hydrated=\\"\\">Item 3</gux-list-item> </gux-list> </gux-popup>"`;
