// Jest Snapshot v1, https://goo.gl/fbAQLP

exports[`gux-list-divider #render should render component as expected (1) 1`] = `
<gux-list-divider role="presentation">
  <mock:shadow-root></mock:shadow-root>
</gux-list-divider>
`;
