// Jest Snapshot v1, https://goo.gl/fbAQLP

exports[`gux-dropdown #render should render as expected 1`] = `
<gux-dropdown lang="en" value="j">
  <mock:shadow-root>
    <gux-popup>
      <div class="gux-target-container-collapsed" slot="target">
        <button aria-expanded="false" aria-haspopup="listbox" class="gux-field gux-field-button" type="button">
          <div class="gux-field-content">
            <div class="gux-placeholder">
              Select...
            </div>
          </div>
          <gux-icon class="gux-expand-icon" iconname="chevron-small-down" screenreader-text="Dropdown"></gux-icon>
        </button>
      </div>
      <div class="gux-listbox-container" slot="popup">
        <slot></slot>
      </div>
    </gux-popup>
  </mock:shadow-root>
  <gux-listbox aria-label="Animals" role="listbox" tabindex="0">
    <mock:shadow-root>
      <slot></slot>
    </mock:shadow-root>
    <gux-option aria-disabled="false" aria-selected="false" id="gux-option-i" role="option" value="a">
      <!---->
      Ant
    </gux-option>
    <gux-option aria-disabled="false" aria-selected="false" id="gux-option-i" role="option" value="b">
      <!---->
      Bat
    </gux-option>
    <gux-option aria-disabled="false" aria-selected="false" id="gux-option-i" role="option" value="c">
      <!---->
      Cat
    </gux-option>
    <gux-option aria-disabled="false" aria-selected="false" id="gux-option-i" role="option" value="d">
      <!---->
      Dog
    </gux-option>
    <gux-option aria-disabled="false" aria-selected="false" id="gux-option-i" role="option" value="e">
      <!---->
      Eel
    </gux-option>
    <gux-option aria-disabled="false" aria-selected="false" id="gux-option-i" role="option" value="f">
      <!---->
      Frog
    </gux-option>
    <gux-option aria-disabled="false" aria-selected="false" id="gux-option-i" role="option" value="g">
      <!---->
      Goat
    </gux-option>
    <gux-option aria-disabled="false" aria-selected="false" id="gux-option-i" role="option" value="h">
      <!---->
      Horse
    </gux-option>
    <gux-option aria-disabled="false" aria-selected="false" id="gux-option-i" role="option" value="i">
      <!---->
      Ibis
    </gux-option>
  </gux-listbox>
</gux-dropdown>
`;
