// Jest Snapshot v1, https://goo.gl/fbAQLP

exports[`gux-input-range should render 1`] = `
<gux-input-range>
  <!---->
  <div class="gux-container">
    <div class="gux-range">
      <div class="gux-track">
        <div class="gux-progress" style="width: 0%;"></div>
      </div>
      <input slot="input" type="range">
      <div class="gux-hidden gux-range-tooltip-container">
        <div class="gux-range-tooltip" style="left: NaN%;"></div>
      </div>
    </div>
    <div class="gux-display"></div>
  </div>
</gux-input-range>
`;
