// Jest Snapshot v1, https://goo.gl/fbAQLP

exports[`gux-tag-beta #render should render component as expected (1) 1`] = `"<gux-tag-beta lang=\\"en\\" hydrated=\\"\\">default</gux-tag-beta>"`;

exports[`gux-tag-beta #render should render component as expected (2) 1`] = `"<gux-tag-beta lang=\\"en\\" color=\\"default\\" hydrated=\\"\\">default (explicit)</gux-tag-beta>"`;

exports[`gux-tag-beta #render should render component as expected (3) 1`] = `"<gux-tag-beta lang=\\"en\\" color=\\"navy\\" hydrated=\\"\\">navy</gux-tag-beta>"`;

exports[`gux-tag-beta #render should render component as expected (4) 1`] = `"<gux-tag-beta lang=\\"en\\" icon=\\"bolt\\" color=\\"navy\\" hydrated=\\"\\">navy</gux-tag-beta>"`;

exports[`gux-tag-beta #render should render component as expected (5) 1`] = `"<gux-tag-beta lang=\\"en\\" icon=\\"bolt\\" color=\\"navy\\" value=\\"3\\" removable=\\"\\" hydrated=\\"\\">navy</gux-tag-beta>"`;

exports[`gux-tag-beta #render should render component as expected (6) 1`] = `"<gux-tag-beta lang=\\"en\\" icon=\\"bolt\\" color=\\"navy\\" value=\\"3\\" removable=\\"\\" disabled=\\"\\" hydrated=\\"\\">navy</gux-tag-beta>"`;
