// Jest Snapshot v1, https://goo.gl/fbAQLP

exports[`gux-page-loading-spinner renders 1`] = `"<gux-page-loading-spinner lang=\\"en\\" hydrated=\\"\\"></gux-page-loading-spinner>"`;
