// Jest Snapshot v1, https://goo.gl/fbAQLP

exports[`gux-badge-beta #render should render component as expected (1) 1`] = `"<gux-badge-beta hydrated=\\"\\">default</gux-badge-beta>"`;

exports[`gux-badge-beta #render should render component as expected (2) 1`] = `"<gux-badge-beta color=\\"neutral\\" hydrated=\\"\\">default explicit</gux-badge-beta>"`;

exports[`gux-badge-beta #render should render component as expected (3) 1`] = `"<gux-badge-beta color=\\"green\\" hydrated=\\"\\">sucess</gux-badge-beta>"`;

exports[`gux-badge-beta #render should render component as expected (4) 1`] = `"<gux-badge-beta color=\\"yellow\\" hydrated=\\"\\">warning</gux-badge-beta>"`;

exports[`gux-badge-beta #render should render component as expected (5) 1`] = `"<gux-badge-beta color=\\"red\\" hydrated=\\"\\">danger</gux-badge-beta>"`;

exports[`gux-badge-beta #render should render component as expected (6) 1`] = `"<gux-badge-beta bold=\\"\\" color=\\"green\\" hydrated=\\"\\">success bold</gux-badge-beta>"`;

exports[`gux-badge-beta #render should render component as expected (7) 1`] = `"<gux-badge-beta bold=\\"\\" color=\\"yellow\\" hydrated=\\"\\">warning bold</gux-badge-beta>"`;

exports[`gux-badge-beta #render should render component as expected (8) 1`] = `"<gux-badge-beta bold=\\"\\" color=\\"red\\" hydrated=\\"\\">danger bold</gux-badge-beta>"`;

exports[`gux-badge-beta #render should render component as expected (9) 1`] = `"<gux-badge-beta color=\\"yellow\\" hydrated=\\"\\"><gux-icon icon-name=\\"subtract\\" decorative=\\"\\" hydrated=\\"\\"></gux-icon>warning icon</gux-badge-beta>"`;

exports[`gux-badge-beta #render should render component as expected (10) 1`] = `"<gux-badge-beta color=\\"red\\" hydrated=\\"\\"><gux-icon icon-name=\\"subtract\\" decorative=\\"\\" hydrated=\\"\\"></gux-icon>danger icon</gux-badge-beta>"`;

exports[`gux-badge-beta #render should render component as expected (11) 1`] = `"<gux-badge-beta color=\\"yellow\\" hydrated=\\"\\"><gux-icon icon-name=\\"subtract\\" decorative=\\"\\" hydrated=\\"\\"></gux-icon>warning icon</gux-badge-beta>"`;

exports[`gux-badge-beta #render should render component as expected (12) 1`] = `"<gux-badge-beta bold=\\"\\" color=\\"yellow\\" hydrated=\\"\\"><gux-icon icon-name=\\"subtract\\" decorative=\\"\\" hydrated=\\"\\"></gux-icon>warning bold icon</gux-badge-beta>"`;

exports[`gux-badge-beta #render should render component as expected (13) 1`] = `"<gux-badge-beta bold=\\"\\" color=\\"red\\" hydrated=\\"\\"><gux-icon icon-name=\\"subtract\\" decorative=\\"\\" hydrated=\\"\\"></gux-icon>danger bold icon</gux-badge-beta>"`;

exports[`gux-badge-beta #render should render component as expected (14) 1`] = `"<gux-badge-beta bold=\\"\\" color=\\"yellow\\" hydrated=\\"\\"><gux-icon icon-name=\\"subtract\\" decorative=\\"\\" hydrated=\\"\\"></gux-icon>warning bold icon</gux-badge-beta>"`;

exports[`gux-badge-beta #render should render component as expected (15) 1`] = `"<gux-badge-beta bold=\\"\\" hydrated=\\"\\"><gux-icon icon-name=\\"subtract\\" decorative=\\"\\" hydrated=\\"\\"></gux-icon>default bold</gux-badge-beta>"`;

exports[`gux-badge-beta #render should render component as expected (16) 1`] = `"<gux-badge-beta bold=\\"\\" hydrated=\\"\\"><gux-icon icon-name=\\"subtract\\" decorative=\\"\\" hydrated=\\"\\"></gux-icon>default bold icon</gux-badge-beta>"`;
